// Jest Snapshot v1, https://goo.gl/fbAQLP

exports[`CatalogMoviesList should render correctly 1`] = `
<div
  className="catalog__movies-list"
>
  <article
    className="small-movie-card catalog__movies-card"
    onClick={[Function]}
  >
    <video
      height="175"
      width="250"
    />
    <h3
      className="small-movie-card__title"
    >
      <a
        className="small-movie-card__link"
        href="/films/mock-test-011"
        onClick={[Function]}
      />
    </h3>
  </article>
  <article
    className="small-movie-card catalog__movies-card"
    onClick={[Function]}
  >
    <video
      height="175"
      width="250"
    />
    <h3
      className="small-movie-card__title"
    >
      <a
        className="small-movie-card__link"
        href="/films/mock-test-012"
        onClick={[Function]}
      />
    </h3>
  </article>
  <article
    className="small-movie-card catalog__movies-card"
    onClick={[Function]}
  >
    <video
      height="175"
      width="250"
    />
    <h3
      className="small-movie-card__title"
    >
      <a
        className="small-movie-card__link"
        href="/films/mock-test-013"
        onClick={[Function]}
      />
    </h3>
  </article>
  <article
    className="small-movie-card catalog__movies-card"
    onClick={[Function]}
  >
    <video
      height="175"
      width="250"
    />
    <h3
      className="small-movie-card__title"
    >
      <a
        className="small-movie-card__link"
        href="/films/mock-test-014"
        onClick={[Function]}
      />
    </h3>
  </article>
  <article
    className="small-movie-card catalog__movies-card"
    onClick={[Function]}
  >
    <video
      height="175"
      width="250"
    />
    <h3
      className="small-movie-card__title"
    >
      <a
        className="small-movie-card__link"
        href="/films/mock-test-015"
        onClick={[Function]}
      />
    </h3>
  </article>
  <article
    className="small-movie-card catalog__movies-card"
    onClick={[Function]}
  >
    <video
      height="175"
      width="250"
    />
    <h3
      className="small-movie-card__title"
    >
      <a
        className="small-movie-card__link"
        href="/films/mock-test-016"
        onClick={[Function]}
      />
    </h3>
  </article>
  <article
    className="small-movie-card catalog__movies-card"
    onClick={[Function]}
  >
    <video
      height="175"
      width="250"
    />
    <h3
      className="small-movie-card__title"
    >
      <a
        className="small-movie-card__link"
        href="/films/mock-test-017"
        onClick={[Function]}
      />
    </h3>
  </article>
  <article
    className="small-movie-card catalog__movies-card"
    onClick={[Function]}
  >
    <video
      height="175"
      width="250"
    />
    <h3
      className="small-movie-card__title"
    >
      <a
        className="small-movie-card__link"
        href="/films/mock-test-018"
        onClick={[Function]}
      />
    </h3>
  </article>
</div>
`;
