// Jest Snapshot v1, https://goo.gl/fbAQLP

exports[`Render App 1`] = `
<article
  className="small-movie-card catalog__movies-card"
>
  <video
    className="player__video--play"
    disabled={true}
    muted="muted"
    onMouseOut={[Function]}
    onMouseOver={[Function]}
    poster="img/bohemian-rhapsody.jpg"
    src="https://download.blender.org/durian/trailer/sintel_trailer-480p.mp4"
    width="250"
  />
  <h3
    className="small-movie-card__title"
  >
    <a
      className="small-movie-card__link"
      href="movie-page.html"
    >
      mock-test-Bohemian Rhapsody
    </a>
  </h3>
</article>
`;
